[2014-12-04T23:23:01,925 [main] DEBUG] jsongkick.App - SongkickArtist [name=Metallica, id=331163]
[2014-12-04T23:23:01,925 [main] DEBUG] jsongkick.App - test firstLocation -------------------------------------------
[2014-12-04T23:23:02,510 [main] DEBUG] jsongkick.App - location found : MetroArea [country=Italy, id=30366, displayName=Rome] - City [name=Rome, country=Italy, latitude=41.9, longitude=12.4833, state=null]
[2014-12-04T23:23:02,511 [main] DEBUG] jsongkick.App - Test eventsListByLocationId -------------------------------------------
[2014-12-04T23:23:04,783 [main] DEBUG] jsongkick.App - Concert [dateTime=2014-12-04T23:23:04.764+01:00, date=2014-12-04, performance=[SongkickArtist [name=David Guetta, id=43985013]], venue=Venue [latitude=0.0, longitude=0.0, metroArea=MetroArea [country=US, id=7644, displayName=New York], id=2463009, displayName=Marquee Nyc], id=22153148, popularity=0.571379, location=SimpleLocation [city=New York, NY, US, lat=40.7500969, lng=-74.0028279]]
[2014-12-04T23:23:04,784 [main] DEBUG] jsongkick.App - Test location list -------------------------------------------
[2014-12-04T23:23:05,368 [main] DEBUG] jsongkick.App - location found : MetroArea [country=Germany, id=28443, displayName=Berlin] - City [name=Berlin, country=Germany, latitude=52.5167, longitude=13.4, state=null]
[2014-12-04T23:23:05,368 [main] DEBUG] jsongkick.App - location found : MetroArea [country=US, id=5202, displayName=Philadelphia] - City [name=Berlin, country=US, latitude=0.0, longitude=0.0, state=null]
[2014-12-04T23:23:05,369 [main] DEBUG] jsongkick.App - location found : MetroArea [country=Germany, id=28443, displayName=Berlin] - City [name=Bernau bei Berlin, country=Germany, latitude=0.0, longitude=0.0, state=null]
[2014-12-04T23:23:05,369 [main] DEBUG] jsongkick.App - location found : MetroArea [country=US, id=15405, displayName=Milwaukee] - City [name=New Berlin, country=US, latitude=42.9764027, longitude=-88.1084224, state=null]
[2014-12-04T23:23:05,369 [main] DEBUG] jsongkick.App - location found : MetroArea [country=US, id=55314, displayName=Lebanon] - City [name=Berlin, country=US, latitude=0.0, longitude=0.0, state=null]
[2014-12-04T23:23:05,370 [main] DEBUG] jsongkick.App - location found : MetroArea [country=US, id=25785, displayName=Springfield] - City [name=New Berlin, country=US, latitude=39.7253276, longitude=-89.9106632, state=null]
[2014-12-04T23:23:05,370 [main] DEBUG] jsongkick.App - location found : MetroArea [country=US, id=101266, displayName=Selbyville] - City [name=Berlin, country=US, latitude=0.0, longitude=0.0, state=null]
[2014-12-04T23:23:05,370 [main] DEBUG] jsongkick.App - location found : MetroArea [country=US, id=78496, displayName=Berlin] - City [name=Berlin, country=US, latitude=41.626701, longitude=-72.770599, state=null]
[2014-12-04T23:23:05,370 [main] DEBUG] jsongkick.App - location found : MetroArea [country=US, id=78501, displayName=Berlin] - City [name=Berlin, country=US, latitude=31.073259, longitude=-83.621452, state=null]
[2014-12-04T23:23:05,371 [main] DEBUG] jsongkick.App - test uri artist search -------------------------------------------
[2014-12-04T23:23:08,258 [main] DEBUG] jsongkick.App - http://api.songkick.com/api/3.0/artists/4392693/calendar.json?apikey=iF1N0jYrhI5wtG3n
[2014-12-04T23:23:08,258 [main] DEBUG] jsongkick.App - Test eventsListByArtistId -------------------------------------------
[2014-12-04T23:23:09,226 [main] DEBUG] jsongkick.App - Concert [dateTime=2014-12-04T23:23:04.746+01:00, date=2014-10-18, performance=[SongkickArtist [name=Furuya Sisters, id=43649818]], venue=null, id=21960568, popularity=0.0, location=SimpleLocation [city=New York, NY, US, lat=40.7143, lng=-74.006]]
[2014-12-04T23:23:09,226 [main] DEBUG] jsongkick.App - Concert [dateTime=2014-12-05T00:30:00.000+01:00, date=2014-12-04, performance=[SongkickArtist [name=Happy Body Slow Brain, id=43980203], SongkickArtist [name=The Walking Tree, id=43980208], SongkickArtist [name=Colorful Kid, id=43980213]], venue=Venue [latitude=0.0, longitude=0.0, metroArea=MetroArea [country=US, id=7644, displayName=New York], id=29191, displayName=Arlene's Grocery], id=22150503, popularity=5.81E-4, location=SimpleLocation [city=New York, NY, US, lat=40.7213282, lng=-73.9882353]]
[2014-12-04T23:23:09,227 [main] DEBUG] jsongkick.App - Concert [dateTime=2014-12-04T23:23:04.752+01:00, date=2014-12-04, performance=[SongkickArtist [name=Nathan Xander, id=43925198]], venue=Venue [latitude=0.0, longitude=0.0, metroArea=MetroArea [country=US, id=7644, displayName=New York], id=69193, displayName=Secret Project Robot], id=22119223, popularity=2.01E-4, location=SimpleLocation [city=Brooklyn, NY, US, lat=40.7045539, lng=-73.9272292]]
[2014-12-04T23:23:09,227 [main] DEBUG] jsongkick.App - Concert [dateTime=2014-12-05T01:30:00.000+01:00, date=2014-12-04, performance=[SongkickArtist [name=Johnny Mellor's Bastardos, id=43965083], SongkickArtist [name=All Forces, id=43965088], SongkickArtist [name=Mile Marker Zero, id=43965093]], venue=Venue [latitude=0.0, longitude=0.0, metroArea=MetroArea [country=US, id=7644, displayName=New York], id=46530, displayName=Spike Hill], id=22141258, popularity=1.4E-5, location=SimpleLocation [city=Brooklyn, NY, US, lat=40.717696, lng=-73.9580272]]
[2014-12-04T23:23:09,228 [main] DEBUG] jsongkick.App - Concert [dateTime=2014-12-05T03:00:00.000+01:00, date=2014-12-04, performance=[SongkickArtist [name=Will Dailey, id=44061388]], venue=Venue [latitude=0.0, longitude=0.0, metroArea=MetroArea [country=US, id=7644, displayName=New York], id=364, displayName=Mercury Lounge], id=22197273, popularity=0.002041, location=SimpleLocation [city=New York, NY, US, lat=40.7221646, lng=-73.9867142]]
[2014-12-04T23:23:09,228 [main] DEBUG] jsongkick.App - Concert [dateTime=2014-12-05T00:30:00.000+01:00, date=2014-12-04, performance=[SongkickArtist [name=Chris Batten And The Woods, id=43927503]], venue=Venue [latitude=0.0, longitude=0.0, metroArea=MetroArea [country=US, id=7644, displayName=New York], id=364, displayName=Mercury Lounge], id=22120698, popularity=3.5E-5, location=SimpleLocation [city=New York, NY, US, lat=40.7221646, lng=-73.9867142]]
[2014-12-04T23:23:09,229 [main] DEBUG] jsongkick.App - Concert [dateTime=2014-12-05T01:30:00.000+01:00, date=2014-12-04, performance=[SongkickArtist [name=Lettuce, id=44284023]], venue=Venue [latitude=0.0, longitude=0.0, metroArea=MetroArea [country=US, id=7644, displayName=New York], id=493846, displayName=Brooklyn Bowl], id=22324443, popularity=0.006752, location=SimpleLocation [city=Brooklyn, NY, US, lat=40.7218812, lng=-73.9573948]]
[2014-12-04T23:23:09,229 [main] DEBUG] jsongkick.App - Concert [dateTime=2014-12-05T02:00:00.000+01:00, date=2014-12-04, performance=[SongkickArtist [name=New Build, id=43927548]], venue=Venue [latitude=0.0, longitude=0.0, metroArea=MetroArea [country=US, id=7644, displayName=New York], id=2469314, displayName=Rough Trade NYC], id=22120728, popularity=0.001773, location=SimpleLocation [city=Brooklyn, NY, US, lat=40.7209863, lng=-73.9598502]]
[2014-12-04T23:23:09,230 [main] DEBUG] jsongkick.App - Concert [dateTime=2014-12-05T04:00:00.000+01:00, date=2014-12-04, performance=[SongkickArtist [name=Plastic Plates, id=44168298], SongkickArtist [name=Alex English, id=44168303], SongkickArtist [name=Dali, id=44168308], SongkickArtist [name=Hiyawatha, id=44168313], SongkickArtist [name=Maxmillion Dunbar, id=44168318], SongkickArtist [name=Shawn Reynaldo, id=44168323], SongkickArtist [name=OLIVER, id=44188058]], venue=Venue [latitude=0.0, longitude=0.0, metroArea=MetroArea [country=US, id=7644, displayName=New York], id=2139279, displayName=Output], id=22257198, popularity=0.013344, location=SimpleLocation [city=Brooklyn, NY, US, lat=40.7223328, lng=-73.9577161]]
[2014-12-04T23:23:09,230 [main] DEBUG] jsongkick.App - Concert [dateTime=2014-12-05T02:00:00.000+01:00, date=2014-12-04, performance=[SongkickArtist [name=Yo La Tengo, id=43038678]], venue=Venue [latitude=0.0, longitude=0.0, metroArea=MetroArea [country=US, id=7644, displayName=New York], id=2872, displayName=Town Hall], id=21626718, popularity=0.079268, location=SimpleLocation [city=New York, NY, US, lat=40.7561154, lng=-73.9844504]]
[2014-12-04T23:23:09,231 [main] DEBUG] jsongkick.App - Concert [dateTime=2014-12-05T01:00:00.000+01:00, date=2014-12-04, performance=[SongkickArtist [name=The 1975, id=41356568], SongkickArtist [name=CRUISR, id=43585628], SongkickArtist [name=Young Rising Sons, id=43582233]], venue=Venue [latitude=0.0, longitude=0.0, metroArea=MetroArea [country=US, id=7644, displayName=New York], id=3199, displayName=Terminal 5], id=20746193, popularity=0.075501, location=SimpleLocation [city=New York, NY, US, lat=40.7706615, lng=-73.9942689]]
[2014-12-04T23:23:09,231 [main] DEBUG] jsongkick.App - Concert [dateTime=2014-12-05T02:00:00.000+01:00, date=2014-12-04, performance=[SongkickArtist [name=The Roofer's Union, id=43796678], SongkickArtist [name=At Sea, id=43879468]], venue=Venue [latitude=0.0, longitude=0.0, metroArea=MetroArea [country=US, id=7644, displayName=New York], id=34628, displayName=The Bowery Electric], id=22043983, popularity=1.04E-4, location=SimpleLocation [city=New York, NY, US, lat=40.7257561, lng=-73.9918184]]
[2014-12-04T23:23:09,231 [main] DEBUG] jsongkick.App - Concert [dateTime=2014-12-05T02:30:00.000+01:00, date=2014-12-04, performance=[SongkickArtist [name=Matt Sucich, id=44084758]], venue=Venue [latitude=0.0, longitude=0.0, metroArea=MetroArea [country=US, id=7644, displayName=New York], id=364, displayName=Mercury Lounge], id=22209758, popularity=1.2E-4, location=SimpleLocation [city=New York, NY, US, lat=40.7221646, lng=-73.9867142]]
[2014-12-04T23:23:09,232 [main] DEBUG] jsongkick.App - Concert [dateTime=2014-12-05T00:30:00.000+01:00, date=2014-12-04, performance=[SongkickArtist [name=Relient K, id=42364693], SongkickArtist [name=Blondfire, id=42364698], SongkickArtist [name=From Indian Lakes, id=42364703]], venue=Venue [latitude=0.0, longitude=0.0, metroArea=MetroArea [country=US, id=7644, displayName=New York], id=502461, displayName=Gramercy Theatre], id=21264733, popularity=0.097713, location=SimpleLocation [city=New York, NY, US, lat=40.7397719, lng=-73.9849309]]
[2014-12-04T23:23:09,232 [main] DEBUG] jsongkick.App - Concert [dateTime=2014-12-05T02:00:00.000+01:00, date=2014-12-04, performance=[SongkickArtist [name=The Britanys, id=44081398], SongkickArtist [name=Napoleon, id=44081403], SongkickArtist [name=Charly Bliss, id=44081408], SongkickArtist [name=Whitewash, id=44081413]], venue=Venue [latitude=0.0, longitude=0.0, metroArea=MetroArea [country=US, id=7644, displayName=New York], id=2717728, displayName=Palisades], id=22208448, popularity=0.002266, location=SimpleLocation [city=New York, NY, US, lat=40.7032108, lng=-73.9462412]]
[2014-12-04T23:23:09,232 [main] DEBUG] jsongkick.App - Concert [dateTime=2014-12-05T01:30:00.000+01:00, date=2014-12-04, performance=[SongkickArtist [name=Pentatonix, id=44135993]], venue=Venue [latitude=0.0, longitude=0.0, metroArea=MetroArea [country=US, id=7644, displayName=New York], id=222, displayName=Highline Ballroom], id=22238328, popularity=0.016149, location=SimpleLocation [city=New York, NY, US, lat=40.7430022, lng=-74.0059194]]
[2014-12-04T23:23:09,233 [main] DEBUG] jsongkick.App - Concert [dateTime=2014-12-05T02:30:00.000+01:00, date=2014-12-04, performance=[SongkickArtist [name=B. Dolan, id=43786278], SongkickArtist [name=Armand Hammer, id=43786283], SongkickArtist [name=Marq Spekt, id=43786288], SongkickArtist [name=Uncommon Nasa, id=43786293], SongkickArtist [name=Duke01, id=43786298], SongkickArtist [name=Skech185, id=43786303], SongkickArtist [name=Curly Castro, id=43948988], SongkickArtist [name=Zilla Rocca, id=43948993]], venue=Venue [latitude=0.0, longitude=0.0, metroArea=MetroArea [country=US, id=7644, displayName=New York], id=33696, displayName=Drom], id=22038078, popularity=0.001636, location=SimpleLocation [city=New York, NY, US, lat=40.7252014, lng=-73.9841494]]
[2014-12-04T23:23:09,245 [main] DEBUG] jsongkick.App - Concert [dateTime=2014-12-05T05:00:00.000+01:00, date=2014-12-04, performance=[SongkickArtist [name=Mark Guiliana, id=43300628]], venue=Venue [latitude=0.0, longitude=0.0, metroArea=MetroArea [country=US, id=7644, displayName=New York], id=1028946, displayName=Rockwood Music Hall Stage 2], id=21768828, popularity=4.69E-4, location=SimpleLocation [city=New York, NY, US, lat=40.7224278, lng=-73.9886921]]
[2014-12-04T23:23:09,246 [main] DEBUG] jsongkick.App - Concert [dateTime=2014-12-04T23:23:04.762+01:00, date=2014-12-04, performance=[SongkickArtist [name=H'Sao, id=42660933]], venue=null, id=21423243, popularity=1.5E-5, location=SimpleLocation [city=New York, NY, US, lat=40.7143, lng=-74.006]]
[2014-12-04T23:23:09,247 [main] DEBUG] jsongkick.App - Concert [dateTime=2014-12-05T01:00:00.000+01:00, date=2014-12-04, performance=[SongkickArtist [name=Marina Evans, id=43474618]], venue=Venue [latitude=0.0, longitude=0.0, metroArea=MetroArea [country=US, id=7644, displayName=New York], id=13865, displayName=The Bitter End], id=21867238, popularity=2.1E-5, location=SimpleLocation [city=New York, NY, US, lat=40.728342, lng=-73.999227]]
[2014-12-04T23:23:09,247 [main] DEBUG] jsongkick.App - Concert [dateTime=2014-12-05T05:00:00.000+01:00, date=2014-12-04, performance=[SongkickArtist [name=Eliane Elias, id=43589778]], venue=Venue [latitude=0.0, longitude=0.0, metroArea=MetroArea [country=US, id=7644, displayName=New York], id=10734, displayName=Birdland], id=21928633, popularity=0.006878, location=SimpleLocation [city=New York, NY, US, lat=40.759194, lng=-73.9898]]
[2014-12-04T23:23:09,247 [main] DEBUG] jsongkick.App - Concert [dateTime=2014-12-05T02:30:00.000+01:00, date=2014-12-04, performance=[SongkickArtist [name=JOSEPH KING, id=43733328], SongkickArtist [name=Matt Sucich, id=44137568]], venue=Venue [latitude=0.0, longitude=0.0, metroArea=MetroArea [country=US, id=7644, displayName=New York], id=364, displayName=Mercury Lounge], id=22008163, popularity=1.2E-4, location=SimpleLocation [city=New York, NY, US, lat=40.7221646, lng=-73.9867142]]
[2014-12-04T23:23:09,248 [main] DEBUG] jsongkick.App - Concert [dateTime=2014-12-05T02:00:00.000+01:00, date=2014-12-04, performance=[SongkickArtist [name=Jimkata, id=43467128], SongkickArtist [name=Waiting on Mongo, id=43730828]], venue=Venue [latitude=0.0, longitude=0.0, metroArea=MetroArea [country=US, id=7644, displayName=New York], id=15104, displayName=The Saint], id=21863788, popularity=7.06E-4, location=SimpleLocation [city=Asbury Park, NJ, US, lat=40.219203, lng=-74.012578]]
[2014-12-04T23:23:09,248 [main] DEBUG] jsongkick.App - Concert [dateTime=2014-12-04T23:23:04.764+01:00, date=2014-12-04, performance=[SongkickArtist [name=David Guetta, id=43985013]], venue=Venue [latitude=0.0, longitude=0.0, metroArea=MetroArea [country=US, id=7644, displayName=New York], id=2463009, displayName=Marquee Nyc], id=22153148, popularity=0.571379, location=SimpleLocation [city=New York, NY, US, lat=40.7500969, lng=-74.0028279]]
[2014-12-04T23:23:09,249 [main] DEBUG] jsongkick.App - Concert [dateTime=2014-12-04T23:23:04.764+01:00, date=2014-12-04, performance=[SongkickArtist [name=Mal Blum, id=44179633], SongkickArtist [name=Emilyn Brodsky, id=44179638], SongkickArtist [name=Hailey Wojcik, id=44179643], SongkickArtist [name=Kid In The Attic, id=44179648]], venue=Venue [latitude=0.0, longitude=0.0, metroArea=MetroArea [country=US, id=7644, displayName=New York], id=1020666, displayName=The Acheron], id=22263508, popularity=3.12E-4, location=SimpleLocation [city=Brooklyn, NY, US, lat=40.7092763, lng=-73.9370804]]
[2014-12-04T23:23:09,249 [main] DEBUG] jsongkick.App - Concert [dateTime=2014-12-05T01:00:00.000+01:00, date=2014-12-04, performance=[SongkickArtist [name=Shad, id=42971533], SongkickArtist [name=Jay Wirth, id=43906998], SongkickArtist [name=Kahli Abdu & VHS Safari, id=43959793]], venue=Venue [latitude=0.0, longitude=0.0, metroArea=MetroArea [country=US, id=7644, displayName=New York], id=499281, displayName=The Studio at Webster Hall], id=21589863, popularity=0.010885, location=SimpleLocation [city=New York, NY, US, lat=40.7315472, lng=-73.9891987]]
[2014-12-04T23:23:09,249 [main] DEBUG] jsongkick.App - Concert [dateTime=2014-12-05T02:00:00.000+01:00, date=2014-12-04, performance=[SongkickArtist [name=The Irish Tenors, id=42141968]], venue=Venue [latitude=0.0, longitude=0.0, metroArea=MetroArea [country=US, id=7644, displayName=New York], id=1092586, displayName=NYCB Theatre at Westbury], id=21149408, popularity=0.0019, location=SimpleLocation [city=Westbury, NY, US, lat=40.7743019, lng=-73.5593033]]
[2014-12-04T23:23:09,250 [main] DEBUG] jsongkick.App - Concert [dateTime=2014-12-05T03:00:00.000+01:00, date=2014-12-04, performance=[SongkickArtist [name=Teyana Taylor, id=44051103]], venue=Venue [latitude=0.0, longitude=0.0, metroArea=MetroArea [country=US, id=7644, displayName=New York], id=48772, displayName=S.O.B.'s], id=22190848, popularity=0.006161, location=SimpleLocation [city=New York, NY, US, lat=40.7283918, lng=-74.0051851]]
[2014-12-04T23:23:09,250 [main] DEBUG] jsongkick.App - Concert [dateTime=2014-12-05T01:00:00.000+01:00, date=2014-12-04, performance=[SongkickArtist [name=Low Fat Getting High, id=43494558], SongkickArtist [name=GRIZZLOR, id=43598453]], venue=Venue [latitude=0.0, longitude=0.0, metroArea=MetroArea [country=US, id=7644, displayName=New York], id=1608699, displayName=The Grand Victory], id=21877778, popularity=5.1E-5, location=SimpleLocation [city=Brooklyn, NY, US, lat=40.713682, lng=-73.958712]]
[2014-12-04T23:23:09,251 [main] DEBUG] jsongkick.App - Concert [dateTime=2014-12-05T02:00:00.000+01:00, date=2014-12-04, performance=[SongkickArtist [name=Strand of Oaks, id=43151868], SongkickArtist [name=Torres, id=43696693]], venue=Venue [latitude=0.0, longitude=0.0, metroArea=MetroArea [country=US, id=7644, displayName=New York], id=316, displayName=The Bowery Ballroom], id=21688168, popularity=0.003865, location=SimpleLocation [city=New York, NY, US, lat=40.7203623, lng=-73.9935389]]
[2014-12-04T23:23:09,251 [main] DEBUG] jsongkick.App - Concert [dateTime=2014-12-05T02:00:00.000+01:00, date=2014-12-04, performance=[SongkickArtist [name=Junius, id=43948968], SongkickArtist [name=So Hideous, id=43948973], SongkickArtist [name=In Aeona, id=44101028]], venue=Venue [latitude=0.0, longitude=0.0, metroArea=MetroArea [country=US, id=7644, displayName=New York], id=1364966, displayName=Saint Vitus], id=22132708, popularity=0.00206, location=SimpleLocation [city=Brooklyn, NY, US, lat=40.736769, lng=-73.954998]]
[2014-12-04T23:23:09,251 [main] DEBUG] jsongkick.App - Concert [dateTime=2014-12-05T02:00:00.000+01:00, date=2014-12-04, performance=[SongkickArtist [name=José James, id=43498323]], venue=Venue [latitude=0.0, longitude=0.0, metroArea=MetroArea [country=US, id=7644, displayName=New York], id=2399549, displayName=Rockwood Music Hall Stage 3], id=21879878, popularity=0.011409, location=SimpleLocation [city=New York, NY, US, lat=40.722071, lng=-73.98847]]
[2014-12-04T23:23:09,252 [main] DEBUG] jsongkick.App - Concert [dateTime=2014-12-05T02:00:00.000+01:00, date=2014-12-04, performance=[SongkickArtist [name=Bill Evan's SOULGRASS, id=43841398], SongkickArtist [name=Bill Evans, id=44203983], SongkickArtist [name=James Casey, id=44004383]], venue=Venue [latitude=0.0, longitude=0.0, metroArea=MetroArea [country=US, id=7644, displayName=New York], id=493846, displayName=Brooklyn Bowl], id=22070003, popularity=0.014322, location=SimpleLocation [city=Brooklyn, NY, US, lat=40.7218812, lng=-73.9573948]]
[2014-12-04T23:23:09,252 [main] DEBUG] jsongkick.App - Concert [dateTime=2014-12-05T02:30:00.000+01:00, date=2014-12-04, performance=[SongkickArtist [name=Benjees, id=44068278], SongkickArtist [name=Libel, id=44186093]], venue=Venue [latitude=0.0, longitude=0.0, metroArea=MetroArea [country=US, id=7644, displayName=New York], id=664591, displayName=Knitting Factory], id=22200718, popularity=1.9E-5, location=SimpleLocation [city=Brooklyn, NY, US, lat=40.714173, lng=-73.9556651]]
[2014-12-04T23:23:09,253 [main] DEBUG] jsongkick.App - Concert [dateTime=2014-12-05T02:45:00.000+01:00, date=2014-12-04, performance=[SongkickArtist [name=Steve Tyrell, id=43084248]], venue=Venue [latitude=0.0, longitude=0.0, metroArea=MetroArea [country=US, id=7644, displayName=New York], id=305691, displayName=Cafe Carlyle], id=21651293, popularity=0.004368, location=SimpleLocation [city=New York, NY, US, lat=40.7742024, lng=-73.9631199]]
[2014-12-04T23:23:09,253 [main] DEBUG] jsongkick.App - Concert [dateTime=2014-12-05T02:00:00.000+01:00, date=2014-12-04, performance=[SongkickArtist [name=Flight Facilities, id=42809408]], venue=Venue [latitude=0.0, longitude=0.0, metroArea=MetroArea [country=US, id=7644, displayName=New York], id=924, displayName=Webster Hall], id=21499508, popularity=0.075655, location=SimpleLocation [city=New York, NY, US, lat=40.7315472, lng=-73.9891987]]
[2014-12-04T23:23:09,258 [main] DEBUG] jsongkick.App - Concert [dateTime=2014-12-04T23:23:04.773+01:00, date=2014-12-04, performance=[SongkickArtist [name=Tiny Hazard, id=43950828]], venue=Venue [latitude=0.0, longitude=0.0, metroArea=MetroArea [country=US, id=7644, displayName=New York], id=1220156, displayName=Shea Stadium], id=22133728, popularity=1.3E-5, location=SimpleLocation [city=Brooklyn, NY, US, lat=40.7104209, lng=-73.936368]]
[2014-12-04T23:23:09,258 [main] DEBUG] jsongkick.App - Concert [dateTime=2014-12-04T23:23:04.774+01:00, date=2014-12-04, performance=[SongkickArtist [name=Loreena McKennitt, id=43996793], SongkickArtist [name=Tim Janis, id=43996788], SongkickArtist [name=Sir James Galway, id=43996798], SongkickArtist [name=Lady Jeanne Galway, id=43996808], SongkickArtist [name=Lisa Fischer, id=43996803], SongkickArtist [name=Lexi Walker, id=43996813]], venue=Venue [latitude=0.0, longitude=0.0, metroArea=MetroArea [country=US, id=7644, displayName=New York], id=1034, displayName=Carnegie Hall], id=22160028, popularity=0.02024, location=SimpleLocation [city=New York, NY, US, lat=40.7655335, lng=-73.9800484]]
[2014-12-04T23:23:09,259 [main] DEBUG] jsongkick.App - Concert [dateTime=2014-12-05T03:00:00.000+01:00, date=2014-12-04, performance=[SongkickArtist [name=Candido, id=44057053]], venue=Venue [latitude=0.0, longitude=0.0, metroArea=MetroArea [country=US, id=7644, displayName=New York], id=2822288, displayName=Subrosa], id=22194738, popularity=0.005365, location=SimpleLocation [city=New York, NY, US, lat=40.7143, lng=-74.006]]
[2014-12-04T23:23:09,260 [main] DEBUG] jsongkick.App - Concert [dateTime=2014-12-05T00:00:00.000+01:00, date=2014-12-04, performance=[SongkickArtist [name=Famous Last Words, id=43708028], SongkickArtist [name=For All I Am, id=43708033], SongkickArtist [name=Kingdom of Giants, id=43708038]], venue=Venue [latitude=0.0, longitude=0.0, metroArea=MetroArea [country=US, id=7644, displayName=New York], id=238348, displayName=Coco 66], id=21993483, popularity=0.002327, location=SimpleLocation [city=Brooklyn, NY, US, lat=40.729794, lng=-73.9583643]]
[2014-12-04T23:23:09,260 [main] DEBUG] jsongkick.App - Concert [dateTime=2014-12-05T02:00:00.000+01:00, date=2014-12-04, performance=[SongkickArtist [name=Joe Walsh, id=44098393]], venue=Venue [latitude=0.0, longitude=0.0, metroArea=MetroArea [country=US, id=7644, displayName=New York], id=1461018, displayName=The Paramount], id=22217043, popularity=0.047493, location=SimpleLocation [city=Huntington, NY, US, lat=40.8696883, lng=-73.4260544]]
[2014-12-04T23:23:09,261 [main] DEBUG] jsongkick.App - Concert [dateTime=2014-12-05T04:00:00.000+01:00, date=2014-12-04, performance=[SongkickArtist [name=Jochen Miller, id=43915648]], venue=Venue [latitude=0.0, longitude=0.0, metroArea=MetroArea [country=US, id=7644, displayName=New York], id=302, displayName=Cielo], id=22113548, popularity=0.008102, location=SimpleLocation [city=New York, NY, US, lat=40.7398241, lng=-74.0069998]]
[2014-12-04T23:23:09,261 [main] DEBUG] jsongkick.App - Concert [dateTime=2014-12-04T23:23:04.776+01:00, date=2014-12-04, performance=[SongkickArtist [name=Dennis Miller, id=39782983]], venue=Venue [latitude=0.0, longitude=0.0, metroArea=MetroArea [country=US, id=7644, displayName=New York], id=858, displayName=Count Basie Theatre], id=20013073, popularity=5.87E-4, location=SimpleLocation [city=Red Bank, NJ, US, lat=40.3492043, lng=-74.0702663]]
[2014-12-04T23:23:09,262 [main] DEBUG] jsongkick.App - Concert [dateTime=2014-12-05T01:30:00.000+01:00, date=2014-12-04, performance=[SongkickArtist [name=Jeremy Denk, id=38510989]], venue=Venue [latitude=0.0, longitude=0.0, metroArea=MetroArea [country=US, id=7644, displayName=New York], id=106857, displayName=Zankel Hall, Carnegie Hall], id=19404319, popularity=4.93E-4, location=SimpleLocation [city=New York, NY, US, lat=40.7655335, lng=-73.9800484]]
[2014-12-04T23:23:09,263 [main] DEBUG] jsongkick.App - Concert [dateTime=2014-12-05T04:00:00.000+01:00, date=2014-12-04, performance=[SongkickArtist [name=Just Blaze, id=41828103], SongkickArtist [name=DJ SOUL, id=41828108], SongkickArtist [name=Electric Punanny, id=41828113], SongkickArtist [name=DJ Sliink, id=41828118], SongkickArtist [name=Dirty South Joe, id=41828123], SongkickArtist [name=DJ Suss One, id=44289633], SongkickArtist [name=DJ Select, id=44323738]], venue=Venue [latitude=0.0, longitude=0.0, metroArea=MetroArea [country=US, id=7644, displayName=New York], id=924, displayName=Webster Hall], id=20985073, popularity=0.002269, location=SimpleLocation [city=New York, NY, US, lat=40.7315472, lng=-73.9891987]]
[2014-12-04T23:23:09,263 [main] DEBUG] jsongkick.App - Concert [dateTime=2014-12-04T23:23:04.777+01:00, date=2014-12-04, performance=[SongkickArtist [name=tUnE-yArDs, id=43519598], SongkickArtist [name=Cibo Matto, id=43519603], SongkickArtist [name=Beep!, id=43519608]], venue=Venue [latitude=0.0, longitude=0.0, metroArea=MetroArea [country=US, id=7644, displayName=New York], id=16246, displayName=Music Hall of Williamsburg], id=21891548, popularity=0.056207, location=SimpleLocation [city=Brooklyn, NY, US, lat=40.7192832, lng=-73.9617103]]
[2014-12-04T23:23:09,264 [main] DEBUG] jsongkick.App - Concert [dateTime=2014-12-04T06:00:00.000+01:00, date=2014-12-04, performance=[SongkickArtist [name=Sofia Rei, id=43844363], SongkickArtist [name=Abraxas, id=44120393], SongkickArtist [name=Forro In the Dark, id=44120398], SongkickArtist [name=Erik Friedlander, id=44120403], SongkickArtist [name=Uri Gurvich Quartet, id=44120408], SongkickArtist [name=DJ Neda Zahraie, id=44120413]], venue=Venue [latitude=0.0, longitude=0.0, metroArea=MetroArea [country=US, id=7644, displayName=New York], id=35990, displayName=Nublu], id=22072123, popularity=0.002152, location=SimpleLocation [city=New York, NY, US, lat=40.722502, lng=-73.979677]]
[2014-12-04T23:23:09,264 [main] DEBUG] jsongkick.App - Concert [dateTime=2014-12-05T02:30:00.000+01:00, date=2014-12-04, performance=[SongkickArtist [name=La Vie En Rose, id=43788438]], venue=Venue [latitude=0.0, longitude=0.0, metroArea=MetroArea [country=US, id=7644, displayName=New York], id=2691723, displayName=Locl Bar at Nylo], id=22039408, popularity=1.03E-4, location=SimpleLocation [city=New York, NY, US, lat=40.7822187, lng=-73.9805895]]
[2014-12-04T23:23:09,265 [main] DEBUG] jsongkick.App - Concert [dateTime=2014-12-05T02:00:00.000+01:00, date=2014-12-04, performance=[SongkickArtist [name=Sharon Jones & The Dap-Kings, id=43169173], SongkickArtist [name=Antibalas, id=43169178], SongkickArtist [name=Charles Bradley & His Extraordinaires, id=43169183], SongkickArtist [name=The Daptone Super Soul Revue, id=43187098]], venue=Venue [latitude=0.0, longitude=0.0, metroArea=MetroArea [country=US, id=7644, displayName=New York], id=2847, displayName=Apollo Theater], id=21697868, popularity=0.051333, location=SimpleLocation [city=New York, NY, US, lat=40.809765, lng=-73.94994]]
[2014-12-04T23:23:09,272 [main] DEBUG] jsongkick.App - Concert [dateTime=2014-12-05T03:00:00.000+01:00, date=2014-12-04, performance=[SongkickArtist [name=The John Jorgenson Bluegrass Band, id=43353103], SongkickArtist [name=Herb Pedersen, id=44018703], SongkickArtist [name=Mark Fain, id=44018708], SongkickArtist [name=Jon Randall, id=44018713]], venue=Venue [latitude=0.0, longitude=0.0, metroArea=MetroArea [country=US, id=7644, displayName=New York], id=1171886, displayName=The Iridium], id=21797798, popularity=7.69E-4, location=SimpleLocation [city=New York, NY, US, lat=40.7617954, lng=-73.983269]]
[2014-12-04T23:23:09,273 [main] DEBUG] jsongkick.App - Concert [dateTime=2014-12-12T21:30:00.000+01:00, date=2014-12-12, performance=[SongkickArtist [name=2cellos, id=43682148]], venue=Venue [latitude=0.0, longitude=0.0, metroArea=MetroArea [country=Italy, id=30366, displayName=Rome], id=514281, displayName=Atlantico], id=21977948, popularity=0.004517, location=SimpleLocation [city=Rome, Italy, lat=41.8202018, lng=12.4714387]]
[2014-12-04T23:23:09,273 [main] DEBUG] jsongkick.App - 2cellos
[2014-12-04T23:23:09,273 [main] DEBUG] jsongkick.App - Concert [dateTime=2014-12-13T21:30:00.000+01:00, date=2014-12-13, performance=[SongkickArtist [name=2cellos, id=43427348]], venue=Venue [latitude=0.0, longitude=0.0, metroArea=MetroArea [country=Italy, id=30285, displayName=Bologna], id=29620, displayName=Estragon], id=21838393, popularity=0.00451, location=SimpleLocation [city=Bologna, Italy, lat=44.4833, lng=11.3333]]
[2014-12-04T23:23:09,273 [main] DEBUG] jsongkick.App - 2cellos
[2014-12-04T23:23:09,274 [main] DEBUG] jsongkick.App - Concert [dateTime=2014-12-14T21:30:00.000+01:00, date=2014-12-14, performance=[SongkickArtist [name=2cellos, id=43410773]], venue=Venue [latitude=0.0, longitude=0.0, metroArea=MetroArea [country=Italy, id=30338, displayName=Milan], id=2668478, displayName=Fabrique], id=21829748, popularity=0.00479, location=SimpleLocation [city=Milan, Italy, lat=45.4522705, lng=9.2525263]]
[2014-12-04T23:23:09,274 [main] DEBUG] jsongkick.App - 2cellos
[2014-12-04T23:23:09,274 [main] DEBUG] jsongkick.App - Concert [dateTime=2015-02-16T20:30:00.000+01:00, date=2015-02-16, performance=[SongkickArtist [name=2cellos, id=43897163]], venue=Venue [latitude=0.0, longitude=0.0, metroArea=MetroArea [country=UK, id=24426, displayName=London], id=38320, displayName=O2 Shepherd's Bush Empire], id=22103178, popularity=0.004642, location=SimpleLocation [city=London, UK, lat=51.503507, lng=-0.2238407]]
[2014-12-04T23:23:09,274 [main] DEBUG] jsongkick.App - 2cellos
[2014-12-04T23:23:09,275 [main] DEBUG] jsongkick.App - Concert [dateTime=2015-02-20T02:30:00.000+01:00, date=2015-02-19, performance=[SongkickArtist [name=2cellos, id=41760163]], venue=Venue [latitude=0.0, longitude=0.0, metroArea=MetroArea [country=US, id=35130, displayName=Twin Cities], id=2759, displayName=Fitzgerald Theater], id=20949083, popularity=0.004276, location=SimpleLocation [city=St. Paul, MN, US, lat=44.9491687, lng=-93.0974407]]
[2014-12-04T23:23:09,275 [main] DEBUG] jsongkick.App - 2cellos
[2014-12-04T23:23:09,275 [main] DEBUG] jsongkick.App - Concert [dateTime=2014-12-04T23:23:09.151+01:00, date=2015-02-20, performance=[SongkickArtist [name=2cellos, id=42438913]], venue=Venue [latitude=0.0, longitude=0.0, metroArea=MetroArea [country=US, id=8265, displayName=Madison], id=28717, displayName=Wisconsin Union Theater], id=21305458, popularity=0.00422, location=SimpleLocation [city=Madison, WI, US, lat=43.076118, lng=-89.399663]]
[2014-12-04T23:23:09,275 [main] DEBUG] jsongkick.App - 2cellos
[2014-12-04T23:23:09,276 [main] DEBUG] jsongkick.App - Concert [dateTime=2015-02-22T02:30:00.000+01:00, date=2015-02-21, performance=[SongkickArtist [name=2cellos, id=42420183]], venue=Venue [latitude=0.0, longitude=0.0, metroArea=MetroArea [country=US, id=9426, displayName=Chicago], id=1021, displayName=Chicago Theatre], id=21294018, popularity=0.004397, location=SimpleLocation [city=Chicago, IL, US, lat=41.88537, lng=-87.627457]]
[2014-12-04T23:23:09,276 [main] DEBUG] jsongkick.App - 2cellos
[2014-12-04T23:23:09,277 [main] DEBUG] jsongkick.App - Concert [dateTime=2015-02-23T01:00:00.000+01:00, date=2015-02-22, performance=[SongkickArtist [name=2cellos, id=42438898]], venue=Venue [latitude=0.0, longitude=0.0, metroArea=MetroArea [country=US, id=5035, displayName=Grand Rapids], id=103565, displayName=Cobb Great Hall, Wharton Center for the Performing Arts], id=21305443, popularity=0.004571, location=SimpleLocation [city=East Lansing, MI, US, lat=42.7404, lng=-84.4817]]
[2014-12-04T23:23:09,277 [main] DEBUG] jsongkick.App - 2cellos
[2014-12-04T23:23:09,282 [main] DEBUG] jsongkick.App - Concert [dateTime=2015-02-25T01:30:00.000+01:00, date=2015-02-24, performance=[SongkickArtist [name=2cellos, id=42879048]], venue=Venue [latitude=0.0, longitude=0.0, metroArea=MetroArea [country=US, id=2374, displayName=Akron], id=502136, displayName=E.J. Thomas Hall], id=21538893, popularity=0.004571, location=SimpleLocation [city=Akron, OH, US, lat=41.078473, lng=-81.515265]]
[2014-12-04T23:23:09,282 [main] DEBUG] jsongkick.App - 2cellos
[2014-12-04T23:23:09,289 [main] DEBUG] jsongkick.App - Concert [dateTime=2014-12-04T23:23:09.153+01:00, date=2015-02-26, performance=[SongkickArtist [name=2cellos, id=42438958]], venue=Venue [latitude=0.0, longitude=0.0, metroArea=MetroArea [country=US, id=35129, displayName=Dallas - Fort Worth], id=800466, displayName=Winspear Opera House, AT&T Performing Arts Center], id=21305503, popularity=0.00422, location=SimpleLocation [city=Dallas, TX, US, lat=32.791313, lng=-96.7986094]]
[2014-12-04T23:23:09,290 [main] DEBUG] jsongkick.App - 2cellos
[2014-12-04T23:23:09,290 [main] DEBUG] jsongkick.App - Concert [dateTime=2015-02-28T02:30:00.000+01:00, date=2015-02-27, performance=[SongkickArtist [name=2cellos, id=42438943]], venue=Venue [latitude=0.0, longitude=0.0, metroArea=MetroArea [country=US, id=5912, displayName=Lubbock], id=1605419, displayName=Wagner Noel Performing Arts Center], id=21305488, popularity=0.004355, location=SimpleLocation [city=Midland, TX, US, lat=31.9716652, lng=-102.2525472]]
[2014-12-04T23:23:09,290 [main] DEBUG] jsongkick.App - 2cellos
[2014-12-04T23:23:09,291 [main] DEBUG] jsongkick.App - Concert [dateTime=2015-03-01T03:00:00.000+01:00, date=2015-02-28, performance=[SongkickArtist [name=2cellos, id=41886948]], venue=Venue [latitude=0.0, longitude=0.0, metroArea=MetroArea [country=US, id=9179, displayName=Austin], id=752066, displayName=Dell Hall, Long Center for the Performing Arts], id=21016998, popularity=0.00479, location=SimpleLocation [city=Austin, TX, US, lat=30.2607877, lng=-97.7500836]]
[2014-12-04T23:23:09,291 [main] DEBUG] jsongkick.App - 2cellos
[2014-12-04T23:23:09,291 [main] DEBUG] jsongkick.App - Concert [dateTime=2015-03-02T02:30:00.000+01:00, date=2015-03-01, performance=[SongkickArtist [name=2cellos, id=42455308]], venue=Venue [latitude=0.0, longitude=0.0, metroArea=MetroArea [country=US, id=7554, displayName=San Antonio], id=528, displayName=Majestic Theatre], id=21314248, popularity=0.004374, location=SimpleLocation [city=San Antonio, TX, US, lat=29.4264884, lng=-98.4906252]]
[2014-12-04T23:23:09,291 [main] DEBUG] jsongkick.App - 2cellos
[2014-12-04T23:23:09,291 [main] DEBUG] jsongkick.App - Concert [dateTime=2014-12-04T23:23:09.154+01:00, date=2015-03-06, performance=[SongkickArtist [name=2cellos, id=40301273]], venue=Venue [latitude=0.0, longitude=0.0, metroArea=MetroArea [country=US, id=11086, displayName=San Diego], id=1129, displayName=McCallum Theatre], id=20260123, popularity=0.003535, location=SimpleLocation [city=Palm Desert, CA, US, lat=33.7287805, lng=-116.3910885]]
[2014-12-04T23:23:09,292 [main] DEBUG] jsongkick.App - 2cellos
[2014-12-04T23:23:09,292 [main] DEBUG] jsongkick.App - Concert [dateTime=2014-12-04T23:23:09.154+01:00, date=2015-03-07, performance=[SongkickArtist [name=2cellos, id=43979538]], venue=Venue [latitude=0.0, longitude=0.0, metroArea=MetroArea [country=US, id=8396, displayName=Las Vegas], id=44570, displayName=Artemus W Ham Concert Hall], id=22150098, popularity=0.004571, location=SimpleLocation [city=Las Vegas, NV, US, lat=36.1058264, lng=-115.1379955]]
[2014-12-04T23:23:09,292 [main] DEBUG] jsongkick.App - 2cellos
[2014-12-04T23:23:09,292 [main] DEBUG] jsongkick.App - Concert [dateTime=2014-12-04T23:23:09.155+01:00, date=2015-03-08, performance=[SongkickArtist [name=2cellos, id=42570873]], venue=Venue [latitude=0.0, longitude=0.0, metroArea=MetroArea [country=US, id=22628, displayName=Scottsdale], id=2840, displayName=Ardrey Auditorium], id=21375168, popularity=0.004276, location=SimpleLocation [city=Flagstaff, AZ, US, lat=35.1866142, lng=-111.6534792]]
[2014-12-04T23:23:09,293 [main] DEBUG] jsongkick.App - 2cellos
[2014-12-04T23:23:09,293 [main] DEBUG] jsongkick.App - Concert [dateTime=2015-03-10T02:30:00.000+01:00, date=2015-03-09, performance=[SongkickArtist [name=2cellos, id=41972748]], venue=Venue [latitude=0.0, longitude=0.0, metroArea=MetroArea [country=US, id=18977, displayName=Mesa], id=114042, displayName=Tom and Janet Ikeda Theater, Mesa Arts Center], id=21062538, popularity=0.004374, location=SimpleLocation [city=Mesa, AZ, US, lat=33.4149286, lng=-111.8295746]]
[2014-12-04T23:23:09,293 [main] DEBUG] jsongkick.App - 2cellos
[2014-12-04T23:23:09,294 [main] DEBUG] jsongkick.App - Concert [dateTime=2014-12-04T23:23:09.155+01:00, date=2015-03-10, performance=[SongkickArtist [name=2cellos, id=42455313]], venue=Venue [latitude=0.0, longitude=0.0, metroArea=MetroArea [country=US, id=11086, displayName=San Diego], id=1970419, displayName=California Center for the Arts - Concert Hall], id=21314253, popularity=0.00479, location=SimpleLocation [city=Escondido, CA, US, lat=33.1228149, lng=-117.0854301]]
[2014-12-04T23:23:09,297 [main] DEBUG] jsongkick.App - 2cellos
[2014-12-04T23:23:09,298 [main] DEBUG] jsongkick.App - Concert [dateTime=2015-03-12T03:30:00.000+01:00, date=2015-03-11, performance=[SongkickArtist [name=2cellos, id=41898313]], venue=Venue [latitude=0.0, longitude=0.0, metroArea=MetroArea [country=US, id=17835, displayName=Los Angeles], id=12635, displayName=Lisa Smith Wengler Center for the Arts at Pepperdine University], id=21022498, popularity=0.004012, location=SimpleLocation [city=Malibu, CA, US, lat=34.0378911, lng=-118.7073163]]
[2014-12-04T23:23:09,298 [main] DEBUG] jsongkick.App - 2cellos
[2014-12-04T23:23:09,298 [main] DEBUG] jsongkick.App - Concert [dateTime=2014-12-04T23:23:09.156+01:00, date=2015-03-13, performance=[SongkickArtist [name=2cellos, id=42420178]], venue=Venue [latitude=0.0, longitude=0.0, metroArea=MetroArea [country=US, id=14689, displayName=Anchorage], id=78255, displayName=Atwood Concert Hall, Alaska Center for the Performing Arts], id=21294013, popularity=0.004177, location=SimpleLocation [city=Anchorage, AK, US, lat=61.216663, lng=-149.894093]]
[2014-12-04T23:23:09,298 [main] DEBUG] jsongkick.App - 2cellos
[2014-12-04T23:23:09,299 [main] DEBUG] jsongkick.App - Concert [dateTime=2015-03-15T04:00:00.000+01:00, date=2015-03-14, performance=[SongkickArtist [name=2cellos, id=42455303]], venue=Venue [latitude=0.0, longitude=0.0, metroArea=MetroArea [country=US, id=2846, displayName=Seattle], id=1109, displayName=The Moore Theatre], id=21314243, popularity=0.004355, location=SimpleLocation [city=Seattle, WA, US, lat=47.6116891, lng=-122.3415211]]
[2014-12-04T23:23:09,299 [main] DEBUG] jsongkick.App - 2cellos
[2014-12-04T23:23:09,303 [main] DEBUG] jsongkick.App - Concert [dateTime=2015-03-16T04:00:00.000+01:00, date=2015-03-15, performance=[SongkickArtist [name=2cellos, id=42438903]], venue=Venue [latitude=0.0, longitude=0.0, metroArea=MetroArea [country=US, id=12283, displayName=Portland], id=1207, displayName=Aladdin Theater], id=21305448, popularity=0.004276, location=SimpleLocation [city=Portland, OR, US, lat=45.501102, lng=-122.654253]]
[2014-12-04T23:23:09,303 [main] DEBUG] jsongkick.App - 2cellos
[2014-12-04T23:23:09,304 [main] DEBUG] jsongkick.App - Concert [dateTime=2014-12-04T23:23:09.157+01:00, date=2015-03-19, performance=[SongkickArtist [name=2cellos, id=42455318]], venue=Venue [latitude=0.0, longitude=0.0, metroArea=MetroArea [country=US, id=17381, displayName=Modesto], id=122868, displayName=Gallo Center For The Arts], id=21314258, popularity=0.00422, location=SimpleLocation [city=Modesto, CA, US, lat=37.6394498, lng=-120.9989546]]
[2014-12-04T23:23:09,304 [main] DEBUG] jsongkick.App - 2cellos
[2014-12-04T23:23:09,304 [main] DEBUG] jsongkick.App - Concert [dateTime=2015-03-21T04:00:00.000+01:00, date=2015-03-20, performance=[SongkickArtist [name=2cellos, id=41161668]], venue=Venue [latitude=0.0, longitude=0.0, metroArea=MetroArea [country=US, id=5308, displayName=Santa Rosa], id=28895, displayName=Wells Fargo Center for the Arts], id=20655348, popularity=0.004571, location=SimpleLocation [city=Santa Rosa, CA, US, lat=38.493113, lng=-122.749006]]
[2014-12-04T23:23:09,304 [main] DEBUG] jsongkick.App - 2cellos
[2014-12-04T23:23:09,305 [main] DEBUG] jsongkick.App - Concert [dateTime=2014-12-04T23:23:09.170+01:00, date=2015-03-21, performance=[SongkickArtist [name=2cellos, id=44040873]], venue=Venue [latitude=0.0, longitude=0.0, metroArea=MetroArea [country=US, id=20919, displayName=Bakersfield], id=52999, displayName=Christopher Cohan Center], id=22185178, popularity=0.004571, location=SimpleLocation [city=San Luis Obispo, CA, US, lat=35.3028257, lng=-120.6588351]]
[2014-12-04T23:23:09,305 [main] DEBUG] jsongkick.App - 2cellos
[2014-12-04T23:23:09,314 [main] DEBUG] jsongkick.App - Concert [dateTime=2015-03-23T04:00:00.000+01:00, date=2015-03-22, performance=[SongkickArtist [name=2cellos, id=42438948]], venue=Venue [latitude=0.0, longitude=0.0, metroArea=MetroArea [country=US, id=17835, displayName=Los Angeles], id=33831, displayName=Club Nokia], id=21305493, popularity=0.004448, location=SimpleLocation [city=Los Angeles, CA, US, lat=34.04503, lng=-118.2656326]]
[2014-12-04T23:23:09,314 [main] DEBUG] jsongkick.App - 2cellos
[2014-12-04T23:23:09,314 [main] DEBUG] jsongkick.App - Concert [dateTime=2014-12-04T23:23:09.171+01:00, date=2015-03-23, performance=[SongkickArtist [name=2cellos, id=42420023]], venue=Venue [latitude=0.0, longitude=0.0, metroArea=MetroArea [country=US, id=17835, displayName=Los Angeles], id=2706438, displayName=Santa Clarita Performing Arts Center], id=21293883, popularity=0.004177, location=SimpleLocation [city=Santa Clarita, CA, US, lat=34.4400287, lng=-118.5914696]]
[2014-12-04T23:23:09,314 [main] DEBUG] jsongkick.App - 2cellos
[2014-12-04T23:23:09,315 [main] DEBUG] jsongkick.App - Concert [dateTime=2015-04-22T01:30:00.000+02:00, date=2015-04-21, performance=[SongkickArtist [name=2cellos, id=42438953]], venue=Venue [latitude=0.0, longitude=0.0, metroArea=MetroArea [country=US, id=22996, displayName=Buffalo], id=46316, displayName=Center for the Arts, University at Buffalo], id=21305498, popularity=0.004492, location=SimpleLocation [city=Buffalo, NY, US, lat=43.0009707, lng=-78.7830598]]
[2014-12-04T23:23:09,315 [main] DEBUG] jsongkick.App - 2cellos
[2014-12-04T23:23:09,315 [main] DEBUG] jsongkick.App - Concert [dateTime=2015-04-23T02:00:00.000+02:00, date=2015-04-22, performance=[SongkickArtist [name=2cellos, id=42438928]], venue=Venue [latitude=0.0, longitude=0.0, metroArea=MetroArea [country=US, id=7644, displayName=New York], id=1126176, displayName=Best Buy Theater], id=21305473, popularity=0.004571, location=SimpleLocation [city=New York, NY, US, lat=40.7576068, lng=-73.9861364]]
[2014-12-04T23:23:09,315 [main] DEBUG] jsongkick.App - 2cellos
[2014-12-04T23:23:09,316 [main] DEBUG] jsongkick.App - Concert [dateTime=2015-04-24T02:00:00.000+02:00, date=2015-04-23, performance=[SongkickArtist [name=2cellos, id=42438908]], venue=Venue [latitude=0.0, longitude=0.0, metroArea=MetroArea [country=US, id=1409, displayName=Washington], id=4464, displayName=Weinberg Center for the Arts], id=21305453, popularity=0.004571, location=SimpleLocation [city=Frederick, MD, US, lat=39.4141984, lng=-77.4112427]]
[2014-12-04T23:23:09,316 [main] DEBUG] jsongkick.App - 2cellos
[2014-12-04T23:23:09,316 [main] DEBUG] jsongkick.App - Concert [dateTime=2015-04-25T02:00:00.000+02:00, date=2015-04-24, performance=[SongkickArtist [name=2cellos, id=42438938]], venue=Venue [latitude=0.0, longitude=0.0, metroArea=MetroArea [country=US, id=1409, displayName=Washington], id=647, displayName=Warner Theatre], id=21305483, popularity=0.004448, location=SimpleLocation [city=Washington, DC, US, lat=38.8962768, lng=-77.0282793]]
[2014-12-04T23:23:09,316 [main] DEBUG] jsongkick.App - 2cellos
[2014-12-04T23:23:09,317 [main] DEBUG] jsongkick.App - Concert [dateTime=2015-04-26T02:00:00.000+02:00, date=2015-04-25, performance=[SongkickArtist [name=2cellos, id=40909338]], venue=Venue [latitude=0.0, longitude=0.0, metroArea=MetroArea [country=US, id=5202, displayName=Philadelphia], id=684, displayName=Keswick Theatre], id=20540413, popularity=0.004492, location=SimpleLocation [city=Glenside, PA, US, lat=40.106401, lng=-75.146851]]
[2014-12-04T23:23:09,317 [main] DEBUG] jsongkick.App - 2cellos
[2014-12-04T23:23:09,319 [main] DEBUG] jsongkick.App - Concert [dateTime=2015-04-27T01:30:00.000+02:00, date=2015-04-26, performance=[SongkickArtist [name=2cellos, id=41521778]], venue=Venue [latitude=0.0, longitude=0.0, metroArea=MetroArea [country=US, id=7644, displayName=New York], id=858, displayName=Count Basie Theatre], id=20829683, popularity=0.004355, location=SimpleLocation [city=Red Bank, NJ, US, lat=40.3492043, lng=-74.0702663]]
[2014-12-04T23:23:09,320 [main] DEBUG] jsongkick.App - 2cellos
[2014-12-04T23:23:09,320 [main] DEBUG] jsongkick.App - Concert [dateTime=2014-12-04T23:23:09.178+01:00, date=2015-04-28, performance=[SongkickArtist [name=2cellos, id=43954213]], venue=Venue [latitude=0.0, longitude=0.0, metroArea=MetroArea [country=Canada, id=27396, displayName=Toronto], id=30045, displayName=Massey Hall], id=22136048, popularity=0.004563, location=SimpleLocation [city=Toronto, ON, Canada, lat=43.6541962, lng=-79.3790313]]
[2014-12-04T23:23:09,320 [main] DEBUG] jsongkick.App - 2cellos
[2014-12-04T23:23:09,320 [main] DEBUG] jsongkick.App - Concert [dateTime=2015-04-30T01:30:00.000+02:00, date=2015-04-29, performance=[SongkickArtist [name=2cellos, id=42455323]], venue=Venue [latitude=0.0, longitude=0.0, metroArea=MetroArea [country=US, id=4125, displayName=Baltimore], id=1368, displayName=The Hershey Theatre], id=21314263, popularity=0.004397, location=SimpleLocation [city=Hershey, PA, US, lat=40.2850064, lng=-76.6486924]]
[2014-12-04T23:23:09,320 [main] DEBUG] jsongkick.App - 2cellos
[2014-12-04T23:23:09,321 [main] DEBUG] jsongkick.App - Concert [dateTime=2014-12-04T23:23:09.179+01:00, date=2015-04-30, performance=[SongkickArtist [name=2cellos, id=41195198]], venue=Venue [latitude=0.0, longitude=0.0, metroArea=MetroArea [country=US, id=4306, displayName=Newark], id=1078, displayName=Mayo Performing Arts Center], id=20671213, popularity=0.003813, location=SimpleLocation [city=Morristown, NJ, US, lat=40.794271, lng=-74.47796]]
[2014-12-04T23:23:09,321 [main] DEBUG] jsongkick.App - 2cellos
[2014-12-04T23:23:09,322 [main] DEBUG] jsongkick.App - Concert [dateTime=2014-12-04T23:23:09.179+01:00, date=2015-05-01, performance=[SongkickArtist [name=2cellos, id=42438933]], venue=Venue [latitude=0.0, longitude=0.0, metroArea=MetroArea [country=US, id=18842, displayName=Boston / Cambridge], id=834, displayName=Berklee Performance Center], id=21305478, popularity=0.00422, location=SimpleLocation [city=Boston, MA, US, lat=42.3469816, lng=-71.0874215]]
[2014-12-04T23:23:09,322 [main] DEBUG] jsongkick.App - 2cellos
[2014-12-04T23:23:09,322 [main] DEBUG] jsongkick.App - Concert [dateTime=2014-12-04T23:23:09.179+01:00, date=2015-05-02, performance=[SongkickArtist [name=2cellos, id=43966943]], venue=Venue [latitude=0.0, longitude=0.0, metroArea=MetroArea [country=US, id=4331, displayName=Springfield], id=1480, displayName=Jorgensen Center for the Performing Arts, University of Connecticut], id=22142373, popularity=0.004565, location=SimpleLocation [city=Storrs, CT, US, lat=41.8085154, lng=-72.2561988]]
[2014-12-04T23:23:09,323 [main] DEBUG] jsongkick.App - 2cellos
[2014-12-04T23:23:09,323 [main] DEBUG] jsongkick.App - Concert [dateTime=2014-12-04T23:23:09.179+01:00, date=2015-05-05, performance=[SongkickArtist [name=2cellos, id=42438893]], venue=Venue [latitude=0.0, longitude=0.0, metroArea=MetroArea [country=US, id=1862, displayName=Winston-Salem], id=48246, displayName=Jefferson Center], id=21305438, popularity=0.004571, location=SimpleLocation [city=Roanoke, VA, US, lat=37.2698507, lng=-79.9511363]]
[2014-12-04T23:23:09,323 [main] DEBUG] jsongkick.App - 2cellos
[2014-12-04T23:23:09,323 [main] DEBUG] jsongkick.App - Concert [dateTime=2015-05-07T01:30:00.000+02:00, date=2015-05-06, performance=[SongkickArtist [name=2cellos, id=42376648]], venue=Venue [latitude=0.0, longitude=0.0, metroArea=MetroArea [country=US, id=16391, displayName=Durham], id=498521, displayName=Durham Performing Arts Center], id=21270713, popularity=0.004397, location=SimpleLocation [city=Durham, NC, US, lat=35.993312, lng=-78.902295]]
[2014-12-04T23:23:09,323 [main] DEBUG] jsongkick.App - 2cellos
[2014-12-04T23:23:09,324 [main] DEBUG] jsongkick.App - Concert [dateTime=2015-05-09T02:00:00.000+02:00, date=2015-05-08, performance=[SongkickArtist [name=2cellos, id=42438923]], venue=Venue [latitude=0.0, longitude=0.0, metroArea=MetroArea [country=US, id=4120, displayName=Atlanta], id=2471, displayName=Atlanta Symphony Hall], id=21305468, popularity=0.004478, location=SimpleLocation [city=Atlanta, GA, US, lat=33.7892284, lng=-84.3849682]]
[2014-12-04T23:23:09,324 [main] DEBUG] jsongkick.App - 2cellos
[2014-12-04T23:23:09,324 [main] DEBUG] jsongkick.App - Concert [dateTime=2014-12-04T23:23:09.180+01:00, date=2015-05-09, performance=[SongkickArtist [name=2cellos, id=42073333]], venue=Venue [latitude=0.0, longitude=0.0, metroArea=MetroArea [country=US, id=24276, displayName=Tampa], id=800701, displayName=David A. Straz, Jr. Center for the Performing Arts], id=21114758, popularity=0.004068, location=SimpleLocation [city=Tampa, FL, US, lat=27.951644, lng=-82.463882]]
[2014-12-04T23:23:09,324 [main] DEBUG] jsongkick.App - 2cellos
[2014-12-04T23:23:09,325 [main] DEBUG] jsongkick.App - Concert [dateTime=2015-05-11T01:00:00.000+02:00, date=2015-05-10, performance=[SongkickArtist [name=2cellos, id=42438918]], venue=Venue [latitude=0.0, longitude=0.0, metroArea=MetroArea [country=US, id=19511, displayName=Fort Lauderdale], id=753371, displayName=Parker Playhouse], id=21305463, popularity=0.00452, location=SimpleLocation [city=Fort Lauderdale, FL, US, lat=26.134246, lng=-80.136172]]
[2014-12-04T23:23:09,329 [main] DEBUG] jsongkick.App - 2cellos
[2014-12-04T23:23:09,330 [main] DEBUG] jsongkick.App - Concert [dateTime=2015-06-13T20:00:00.000+02:00, date=2015-06-13, performance=[SongkickArtist [name=2cellos, id=43676853]], venue=Venue [latitude=0.0, longitude=0.0, metroArea=MetroArea [country=Germany, id=28480, displayName=Frankfurt], id=1683633, displayName=Alte Oper Frankfurt, Grosser Saal], id=21975703, popularity=0.004508, location=SimpleLocation [city=Frankfurt, Germany, lat=50.1163015, lng=8.6723269]]
[2014-12-04T23:23:09,330 [main] DEBUG] jsongkick.App - 2cellos
[2014-12-04T23:23:09,330 [main] DEBUG] jsongkick.App - Concert [dateTime=2015-06-14T20:00:00.000+02:00, date=2015-06-14, performance=[SongkickArtist [name=2cellos, id=43676858]], venue=Venue [latitude=0.0, longitude=0.0, metroArea=MetroArea [country=Germany, id=28549, displayName=Munich], id=38509, displayName=Circus Krone], id=21975708, popularity=0.004571, location=SimpleLocation [city=Munich, Germany, lat=48.1456319, lng=11.5502175]]
[2014-12-04T23:23:09,331 [main] DEBUG] jsongkick.App - 2cellos
[2014-12-04T23:23:09,331 [main] DEBUG] jsongkick.App - Concert [dateTime=2015-06-15T20:00:00.000+02:00, date=2015-06-15, performance=[SongkickArtist [name=2cellos, id=43676893]], venue=Venue [latitude=0.0, longitude=0.0, metroArea=MetroArea [country=Germany, id=28443, displayName=Berlin], id=46511, displayName=Friedrichstadtpalast], id=21975718, popularity=0.004508, location=SimpleLocation [city=Berlin, Germany, lat=52.5239215, lng=13.3878534]]
[2014-12-04T23:23:09,331 [main] DEBUG] jsongkick.App - 2cellos
[2014-12-04T23:23:09,331 [main] DEBUG] jsongkick.App - Concert [dateTime=2015-06-16T20:00:00.000+02:00, date=2015-06-16, performance=[SongkickArtist [name=2cellos, id=43676898]], venue=Venue [latitude=0.0, longitude=0.0, metroArea=MetroArea [country=Germany, id=28498, displayName=Hamburg], id=515916, displayName=Congress Centrum Hamburg, Saal 2], id=21975723, popularity=0.004508, location=SimpleLocation [city=Hamburg, Germany, lat=53.55, lng=10.0]]
[2014-12-04T23:23:09,331 [main] DEBUG] jsongkick.App - 2cellos
